
                         Lattice Mapping Report File

Design:  lab2_ta
Family:  iCE40UP
Device:  iCE40UP5K
Package: SG48
Performance Grade:  High-Performance_1.2V

Mapper:    version Radiant Software (64-bit) 2026.1.0.37.0
Mapped on: Sun Sep 13 22:21:14 2026

Design Information
------------------

Command line:   map -pdc C:/Users/thanderson/Documents/GitHub/E155-Lab2/fpga/Rad
     iant_project/Lab2/lab2.pdc -i Lab2_impl_1_syn.udb -o Lab2_impl_1_map.udb
     -mp Lab2_impl_1.mrp -hierrpt -gui -msgset C:/Users/thanderson/Documents/Git
     Hub/E155-Lab2/fpga/Radiant_project/Lab2/promote.xml

Design Summary
--------------

   Number of slice registers:  24 out of  5280 (<1%)
   Number of I/O registers:      0 out of   117 (0%)
   Number of LUT4s:            87 out of  5280 (2%)
      Number of logic LUT4s:              61
      Number of ripple logic:             13 (26 LUT4s)
   Number of IO sites used:   14 out of 39 (36%)
      Number of IO sites used for general PIO: 14
      Number of IO sites used for I3C: 0 out of 2 (0%)
      (note: If I3C is not used, its site can be used as general PIO)
      Number of IO sites used for PIO+I3C: 14 out of 36 (39%)
      Number of IO sites used for OD+RGB IO buffers: 0 out of 3 (0%)
      (note: If RGB LED drivers are not used, sites can be used as OD outputs,
       see TN1288 iCE40 LED Driver Usage Guide)
      Number of IO sites used for PIO+I3C+OD+RGB: 14 out of 39 (36%)
   Number of DSPs:             0 out of 8 (0%)
   Number of I2Cs:             0 out of 2 (0%)
   Number of High Speed OSCs:  1 out of 1 (100%)
   Number of Low Speed OSCs:   0 out of 1 (0%)
   Number of RGB PWM:          0 out of 1 (0%)
   Number of RGB Drivers:      0 out of 1 (0%)
   Number of SCL FILTERs:      0 out of 2 (0%)
   Number of SRAMs:            0 out of 4 (0%)
   Number of WARMBOOTs:        0 out of 1 (0%)
   Number of SPIs:             0 out of 2 (0%)
   Number of EBRs:             0 out of 30 (0%)
   Number of PLLs:             0 out of 1 (0%)
   Number of Clocks:  1
      Net int_osc: 24 loads, 24 rising, 0 falling (Driver: Pin hf_osc/CLKHF)
   Number of Clock Enables:  2
      Net VCC_net: 1 loads, 0 SLICEs
      Net n378: 24 loads, 24 SLICEs
   Number of LSRs:  1
      Net n355: 24 loads, 24 SLICEs
   Top 10 highest fanout non-clock nets:
      Net n355: 24 loads
      Net n378: 24 loads
      Net scan.count.n47: 24 loads
      Net scan.counter[23]: 6 loads
      Net scan.counter[10]: 5 loads

                                    Page 1





Design Summary (cont)
---------------------
      Net scan.counter[11]: 5 loads
      Net scan.counter[12]: 5 loads
      Net scan.counter[14]: 5 loads
      Net scan.counter[17]: 5 loads
      Net scan.counter[18]: 5 loads





   Number of warnings:  36
   Number of criticals: 0
   Number of errors:    0

Design Errors/Criticals/Warnings
--------------------------------

WARNING <1026001> - map: C:/Users/thanderson/Documents/GitHub/E155-Lab2/fpga/Rad
     iant_project/Lab2/lab2.pdc (3) : No port matched 's1[0]'.
WARNING <1026001> - map: C:/Users/thanderson/Documents/GitHub/E155-Lab2/fpga/Rad
     iant_project/Lab2/lab2.pdc (4) : No port matched 's1[1]'.
WARNING <1026001> - map: C:/Users/thanderson/Documents/GitHub/E155-Lab2/fpga/Rad
     iant_project/Lab2/lab2.pdc (5) : No port matched 's1[2]'.
WARNING <1026001> - map: C:/Users/thanderson/Documents/GitHub/E155-Lab2/fpga/Rad
     iant_project/Lab2/lab2.pdc (6) : No port matched 's1[3]'.
WARNING <1026001> - map: C:/Users/thanderson/Documents/GitHub/E155-Lab2/fpga/Rad
     iant_project/Lab2/lab2.pdc (7) : No port matched 's2[0]'.
WARNING <1026001> - map: C:/Users/thanderson/Documents/GitHub/E155-Lab2/fpga/Rad
     iant_project/Lab2/lab2.pdc (10) : No port matched 's2[3]'.
WARNING <1026001> - map: C:/Users/thanderson/Documents/GitHub/E155-Lab2/fpga/Rad
     iant_project/Lab2/lab2.pdc (13) : No port matched 'seg[1]'.
WARNING <1026001> - map: C:/Users/thanderson/Documents/GitHub/E155-Lab2/fpga/Rad
     iant_project/Lab2/lab2.pdc (14) : No port matched 'seg[2]'.
WARNING <1026001> - map: C:/Users/thanderson/Documents/GitHub/E155-Lab2/fpga/Rad
     iant_project/Lab2/lab2.pdc (17) : No port matched 'seg[6]'.
WARNING <1027013> - map: No port matched 's1[0]'.
WARNING <1026001> - map: C:/Users/thanderson/Documents/GitHub/E155-Lab2/fpga/Rad
     iant_project/Lab2/lab2.pdc (3) : Can't resolve object 's1[0]' in constraint
     'ldc_set_location -site {32} [get_ports {s1[0]}]'.
WARNING <1027013> - map: No port matched 's1[1]'.
WARNING <1026001> - map: C:/Users/thanderson/Documents/GitHub/E155-Lab2/fpga/Rad
     iant_project/Lab2/lab2.pdc (4) : Can't resolve object 's1[1]' in constraint
     'ldc_set_location -site {35} [get_ports {s1[1]}]'.
WARNING <1027013> - map: No port matched 's1[2]'.
WARNING <1026001> - map: C:/Users/thanderson/Documents/GitHub/E155-Lab2/fpga/Rad
     iant_project/Lab2/lab2.pdc (5) : Can't resolve object 's1[2]' in constraint
     'ldc_set_location -site {31} [get_ports {s1[2]}]'.
WARNING <1027013> - map: No port matched 's1[3]'.
WARNING <1026001> - map: C:/Users/thanderson/Documents/GitHub/E155-Lab2/fpga/Rad
     iant_project/Lab2/lab2.pdc (6) : Can't resolve object 's1[3]' in constraint
     'ldc_set_location -site {37} [get_ports {s1[3]}]'.
WARNING <1027013> - map: No port matched 's2[0]'.
WARNING <1026001> - map: C:/Users/thanderson/Documents/GitHub/E155-Lab2/fpga/Rad
     iant_project/Lab2/lab2.pdc (7) : Can't resolve object 's2[0]' in constraint
     'ldc_set_location -site {13} [get_ports {s2[0]}]'.
WARNING <1027013> - map: No port matched 's2[3]'.
WARNING <1026001> - map: C:/Users/thanderson/Documents/GitHub/E155-Lab2/fpga/Rad
     iant_project/Lab2/lab2.pdc (10) : Can't resolve object 's2[3]' in

                                    Page 2





Design Errors/Criticals/Warnings (cont)
---------------------------------------
     constraint 'ldc_set_location -site {44} [get_ports {s2[3]}]'.
WARNING <1027013> - map: No port matched 'seg[1]'.
WARNING <1026001> - map: C:/Users/thanderson/Documents/GitHub/E155-Lab2/fpga/Rad
     iant_project/Lab2/lab2.pdc (13) : Can't resolve object 'seg[1]' in
     constraint 'ldc_set_location -site {19} [get_ports {seg[1]}]'.
WARNING <1027013> - map: No port matched 'seg[2]'.
WARNING <1026001> - map: C:/Users/thanderson/Documents/GitHub/E155-Lab2/fpga/Rad
     iant_project/Lab2/lab2.pdc (14) : Can't resolve object 'seg[2]' in
     constraint 'ldc_set_location -site {45} [get_ports {seg[2]}]'.
WARNING <1027013> - map: No port matched 'seg[6]'.
WARNING <1026001> - map: C:/Users/thanderson/Documents/GitHub/E155-Lab2/fpga/Rad
     iant_project/Lab2/lab2.pdc (17) : Can't resolve object 'seg[6]' in
     constraint 'ldc_set_location -site {46} [get_ports {seg[6]}]'.
WARNING <1011001> - map: Remove invalid constraint 'ldc_set_location -site {32}
     [get_ports {s1[0]}]'.
WARNING <1011001> - map: Remove invalid constraint 'ldc_set_location -site {35}
     [get_ports {s1[1]}]'.
WARNING <1011001> - map: Remove invalid constraint 'ldc_set_location -site {31}
     [get_ports {s1[2]}]'.
WARNING <1011001> - map: Remove invalid constraint 'ldc_set_location -site {37}
     [get_ports {s1[3]}]'.
WARNING <1011001> - map: Remove invalid constraint 'ldc_set_location -site {13}
     [get_ports {s2[0]}]'.
WARNING <1011001> - map: Remove invalid constraint 'ldc_set_location -site {44}
     [get_ports {s2[3]}]'.
WARNING <1011001> - map: Remove invalid constraint 'ldc_set_location -site {19}
     [get_ports {seg[1]}]'.
WARNING <1011001> - map: Remove invalid constraint 'ldc_set_location -site {45}
     [get_ports {seg[2]}]'.
WARNING <1011001> - map: Remove invalid constraint 'ldc_set_location -site {46}
     [get_ports {seg[6]}]'.

IO (PIO) Attributes
-------------------

+---------------------+-----------+-----------+-------+-------+-----------+
| IO Name             | Direction | Levelmode |  IO   |  IO   | Special   |
|                     |           |  IO_TYPE  |  REG  |  DDR  | IO Buffer |
+---------------------+-----------+-----------+-------+-------+-----------+
| scanner[0]          | OUTPUT    |           |       |       |           |
+---------------------+-----------+-----------+-------+-------+-----------+
| reset               | INPUT     |           |       |       |           |
+---------------------+-----------+-----------+-------+-------+-----------+
| enable              | INPUT     |           |       |       |           |
+---------------------+-----------+-----------+-------+-------+-----------+
| col[3]              | INPUT     |           |       |       |           |
+---------------------+-----------+-----------+-------+-------+-----------+
| col[2]              | INPUT     |           |       |       |           |
+---------------------+-----------+-----------+-------+-------+-----------+
| col[1]              | INPUT     |           |       |       |           |
+---------------------+-----------+-----------+-------+-------+-----------+
| col[0]              | INPUT     |           |       |       |           |
+---------------------+-----------+-----------+-------+-------+-----------+
| led[3]              | OUTPUT    |           |       |       |           |
+---------------------+-----------+-----------+-------+-------+-----------+
| led[2]              | OUTPUT    |           |       |       |           |
+---------------------+-----------+-----------+-------+-------+-----------+

                                    Page 3





IO (PIO) Attributes (cont)
--------------------------
| led[1]              | OUTPUT    |           |       |       |           |
+---------------------+-----------+-----------+-------+-------+-----------+
| led[0]              | OUTPUT    |           |       |       |           |
+---------------------+-----------+-----------+-------+-------+-----------+
| scanner[3]          | OUTPUT    |           |       |       |           |
+---------------------+-----------+-----------+-------+-------+-----------+
| scanner[2]          | OUTPUT    |           |       |       |           |
+---------------------+-----------+-----------+-------+-------+-----------+
| scanner[1]          | OUTPUT    |           |       |       |           |
+---------------------+-----------+-----------+-------+-------+-----------+

Removed logic
-------------

Block i1 was optimized away.

OSC Summary
-----------

OSC 1:                                 Pin/Node Value
  OSC Instance Name:                            hf_osc
  Power UP:                            NODE     VCC_net
  Enable Signal:                       NODE     VCC_net
  OSC Output:                          NODE     int_osc
  DIV Setting:                                  01

ASIC Components
---------------

Instance Name: hf_osc
         Type: HFOSC

Constraint Summary
------------------

   Total number of constraints: 25
   Total number of constraints dropped: 9
   Dropped constraints are:
     ldc_set_location -site {32} [get_ports {s1[0]}]
     ldc_set_location -site {35} [get_ports {s1[1]}]
     ldc_set_location -site {31} [get_ports {s1[2]}]
     ldc_set_location -site {37} [get_ports {s1[3]}]
     ldc_set_location -site {13} [get_ports {s2[0]}]
     ldc_set_location -site {44} [get_ports {s2[3]}]
     ldc_set_location -site {19} [get_ports {seg[1]}]
     ldc_set_location -site {45} [get_ports {seg[2]}]
     ldc_set_location -site {46} [get_ports {seg[6]}]

Run Time and Memory Usage
-------------------------

   Total CPU Time: 0 secs
   Total REAL Time: 0 secs
   Peak Memory Usage: 66 MB
Checksum -- map: e6404be18ebf301a8839218065d808fdec74290e



                                    Page 4


Copyright (c) 1991-1994 by NeoCAD Inc. All rights reserved.
Copyright (c) 1995
     AT&T Corp.   All rights reserved.
Copyright (c) 1995-2001 Lucent
     Technologies Inc.  All rights reserved.
Copyright (c) 2001 Agere Systems
     All rights reserved.
Copyright (c) 2002-2026 Lattice Semiconductor
     Corporation,  All rights reserved.
